---------- Function main() ----------
Block L1[IN] at lines from 11 to 15:
Block L1[OUT]:
	i = { <0, 0> }
	importantData = { <1, 1> }
Block L2[IN] at lines from 15 to 15:
	buffer[] = { <9999, 9999> }
	i = { <0, 11> }
	importantData = { <1, 1> }
Block L2[OUT]:
	buffer[] = { <9999, 9999> }
	i = { <0, 11> }
	importantData = { <1, 1> }
Block L3[IN] at lines from 15 to 16:
	buffer[] = { <9999, 9999> }
	i = { <0, 10> }
	importantData = { <1, 1> }
Block L3[OUT]:
	buffer[] = { <9999, 9999> }
	i = { <1, 11> }
	importantData = { <1, 1> }
Block L4[IN] at lines from 19 to 21:
	buffer[] = { <9999, 9999> }
	i = { <0, 11> }
	importantData = { <1, 1> }
Block L4[OUT]:
	buffer[] = { <9999, 9999> }
	i = { <0, 11> }
	importantData = { <1, 1> }
Block L5[IN] at lines from 21 to 22:
	buffer[] = { <9999, 9999> }
	i = { <0, 11> }
	importantData = { <1, 1> }
Block L5[OUT]:
	buffer[] = { <9999, 9999> }
	i = { <0, 11> }
	importantData = { <1, 1> }
