---------- Function main() ----------
Block L1[IN] at lines from 8 to 8:
Block L1[OUT]:
	i = { <1, 1> }
Block L2[IN] at lines from 10 to 10:
	i = { <1, 1> }
Block L2[OUT]:
	i = { <1, 1> }
Block L3[IN] at lines from 13 to 13:
	i = { <1, 1> }
Block L3[OUT]:
	i = { <1, 1> }
Block L4[IN] at lines from 13 to 14:
	i = { <1, 1> }
Block L4[OUT]:
	i = { <1, 1> }
