---------- Function main() ----------
Block L1[IN] at lines from 9 to 10:
Block L1[OUT]:
	a = { <0, 0> }
	i = { <0, 0> }
Block L2[IN] at lines from 12 to 12:
	a = { <0, 10> }
	buffer[] = { <0, 9> }
	i = { <0, 10> }
Block L2[OUT]:
	a = { <0, 10> }
	buffer[] = { <0, 9> }
	i = { <0, 10> }
Block L3[IN] at lines from 13 to 15:
	a = { <0, 9> }
	buffer[] = { <0, 8> }
	i = { <0, 9> }
Block L3[OUT]:
	a = { <1, 10> }
	buffer[] = { <0, 9> }
	i = { <1, 10> }
Block L4[IN] at lines from 18 to 18:
	a = { <0, 10> }
	buffer[] = { <0, 9> }
	i = { <0, 10> }
Block L4[OUT]:
	a = { <0, 10> }
	buffer[] = { <0, 9> }
	i = { <0, 10> }
Block L5[IN] at lines from 18 to 19:
	a = { <0, 10> }
	buffer[] = { <0, 9> }
	i = { <0, 10> }
Block L5[OUT]:
	a = { <0, 10> }
	buffer[] = { <0, 9> }
	i = { <0, 10> }
