---------- Function main() ----------
Block L1[IN] at lines from 8 to 12:
Block L1[OUT]:
	a[] = { <0, 9> }
	b[] = { <0, 0.4>, <5, 5.2>, <8, 8>, <9, 9> }
Block L2[IN] at lines from 12 to 13:
	a[] = { <0, 9> }
	b[] = { <0, 0.4>, <5, 5.2>, <8, 8>, <9, 9> }
Block L2[OUT]:
	a[] = { <0, 9> }
	b[] = { <0, 0.4>, <5, 5.2>, <8, 8>, <9, 9> }
