---------- Function main() ----------
Block L1[IN] at lines from 15 to 21:
Block L1[OUT]:
	x.a = { <2, 2> }
	x.b = { <4, 4> }
	x.c = { <8.45, 8.45> }
	y.a = { <2, 2> }
	y.b = { <4, 4> }
	y.c = { <8.45, 8.45> }
Block L2[IN] at lines from 21 to 22:
	x.a = { <2, 2> }
	x.b = { <4, 4> }
	x.c = { <8.45, 8.45> }
	y.a = { <2, 2> }
	y.b = { <4, 4> }
	y.c = { <8.45, 8.45> }
Block L2[OUT]:
	x.a = { <2, 2> }
	x.b = { <4, 4> }
	x.c = { <8.45, 8.45> }
	y.a = { <2, 2> }
	y.b = { <4, 4> }
	y.c = { <8.45, 8.45> }
