---------- Function main() ----------
Block L1[IN] at lines from 12 to 74:
Block L1[OUT]:
	a = { (-1, -1) }
	b = { (-2, -2) }
	c = { (1, 1) }
	d = { (2147483647, 2147483647) }
	e = { (4294967295, 4294967295) }
	f = { (255, 255) }
	g = { (-nan, -nan) }
	h = { (inf, inf) }
	i = { (nan, nan) }
	inf = { (inf, inf) }
	j = { (inf, inf) }
	k = { (-inf, -inf) }
	l = { (-nan, -nan) }
	m = { (nan, nan) }
	n = { (-inf, -inf) }
	nan = { (nan, nan) }
	o = { (nan, nan) }
	p = { (nan, nan) }
	q = { (nan, nan) }
	r = { (nan, nan) }
	s = { (-inf, -inf) }
	t = { (inf, inf) }
	u = { (nan, nan) }
Block L2[IN] at lines from 74 to 75:
	a = { (-1, -1) }
	b = { (-2, -2) }
	c = { (1, 1) }
	d = { (2147483647, 2147483647) }
	e = { (4294967295, 4294967295) }
	f = { (255, 255) }
	g = { (-nan, -nan) }
	h = { (inf, inf) }
	i = { (nan, nan) }
	inf = { (inf, inf) }
	j = { (inf, inf) }
	k = { (-inf, -inf) }
	l = { (-nan, -nan) }
	m = { (nan, nan) }
	n = { (-inf, -inf) }
	nan = { (nan, nan) }
	o = { (nan, nan) }
	p = { (nan, nan) }
	q = { (nan, nan) }
	r = { (nan, nan) }
	s = { (-inf, -inf) }
	t = { (inf, inf) }
	u = { (nan, nan) }
Block L2[OUT]:
	a = { (-1, -1) }
	b = { (-2, -2) }
	c = { (1, 1) }
	d = { (2147483647, 2147483647) }
	e = { (4294967295, 4294967295) }
	f = { (255, 255) }
	g = { (-nan, -nan) }
	h = { (inf, inf) }
	i = { (nan, nan) }
	inf = { (inf, inf) }
	j = { (inf, inf) }
	k = { (-inf, -inf) }
	l = { (-nan, -nan) }
	m = { (nan, nan) }
	n = { (-inf, -inf) }
	nan = { (nan, nan) }
	o = { (nan, nan) }
	p = { (nan, nan) }
	q = { (nan, nan) }
	r = { (nan, nan) }
	s = { (-inf, -inf) }
	t = { (inf, inf) }
	u = { (nan, nan) }
