---------- Function main() ----------
Block L1[IN] at lines from 17 to 21:
	donaldDuck.age = { (100, 100) }
	donaldDuck.height = { (50.1, 50.1) }
	donaldDuck.weight = { (20.3, 20.3) }
Block L1[OUT]:
	donalDuck2.age = { (100, 100) }
	donalDuck2.height = { (50.1, 50.1) }
	donalDuck2.weight = { (20.3, 20.3) }
	donaldDuck.age = { (100, 100) }
	donaldDuck.height = { (50.1, 50.1) }
	donaldDuck.weight = { (20.3, 20.3) }
	mickeyMouse.age = { (-2147483648, 2147483647) }
	mickeyMouse.height = { (65.4, 65.4) }
	mickeyMouse.weight = { (nan, nan), (-inf, inf) }
	mickeyMouse2.age = { (-2147483648, 2147483647) }
	mickeyMouse2.height = { (nan, nan), (-inf, inf) }
	mickeyMouse2.weight = { (nan, nan), (-inf, inf) }
Block L2[IN] at lines from 21 to 22:
	donalDuck2.age = { (100, 100) }
	donalDuck2.height = { (50.1, 50.1) }
	donalDuck2.weight = { (20.3, 20.3) }
	donaldDuck.age = { (100, 100) }
	donaldDuck.height = { (50.1, 50.1) }
	donaldDuck.weight = { (20.3, 20.3) }
	mickeyMouse.age = { (-2147483648, 2147483647) }
	mickeyMouse.height = { (65.4, 65.4) }
	mickeyMouse.weight = { (nan, nan), (-inf, inf) }
	mickeyMouse2.age = { (-2147483648, 2147483647) }
	mickeyMouse2.height = { (nan, nan), (-inf, inf) }
	mickeyMouse2.weight = { (nan, nan), (-inf, inf) }
Block L2[OUT]:
	donalDuck2.age = { (100, 100) }
	donalDuck2.height = { (50.1, 50.1) }
	donalDuck2.weight = { (20.3, 20.3) }
	donaldDuck.age = { (100, 100) }
	donaldDuck.height = { (50.1, 50.1) }
	donaldDuck.weight = { (20.3, 20.3) }
	mickeyMouse.age = { (-2147483648, 2147483647) }
	mickeyMouse.height = { (65.4, 65.4) }
	mickeyMouse.weight = { (nan, nan), (-inf, inf) }
	mickeyMouse2.age = { (-2147483648, 2147483647) }
	mickeyMouse2.height = { (nan, nan), (-inf, inf) }
	mickeyMouse2.weight = { (nan, nan), (-inf, inf) }
