---------- Function main() ----------
Block L1[IN] at lines from 10 to 10:
Block L1[OUT]:
Block L2[IN] at lines from 10 to 10:
	i = { (-2147483647, 10) }
Block L2[OUT]:
	i = { (-2147483647, 10) }
Block L3[IN] at lines from 11 to 11:
	i = { (-2147483648, 9) }
Block L3[OUT]:
	i = { (-2147483647, 10) }
Block L4[IN] at lines from 14 to 14:
	i = { (10, 2147483647) }
Block L4[OUT]:
	i = { (10, 2147483647) }
Block L5[IN] at lines from 14 to 15:
	i = { (10, 2147483647) }
Block L5[OUT]:
	i = { (10, 2147483647) }
