---------- Function main() ----------
Block L1[IN] at lines from 12 to 74:
Block L1[OUT]:
	a = { <20, 20> }
	b = { <200, 200> }
	c = { <4000, 4000> }
	d = { <-2, -2> }
	e = { <4294967294, 4294967294> }
	f = { <1, 1> }
	g = { <inf, inf> }
	h = { <-inf, -inf> }
	i = { <nan, nan> }
	inf = { <inf, inf> }
	j = { <inf, inf> }
	k = { <-inf, -inf> }
	l = { <inf, inf> }
	m = { <nan, nan> }
	n = { <-inf, -inf> }
	nan = { <nan, nan> }
	o = { <nan, nan> }
	p = { <nan, nan> }
	q = { <nan, nan> }
	r = { <nan, nan> }
	s = { <inf, inf> }
	t = { <-inf, -inf> }
	u = { <nan, nan> }
Block L2[IN] at lines from 74 to 75:
	a = { <20, 20> }
	b = { <200, 200> }
	c = { <4000, 4000> }
	d = { <-2, -2> }
	e = { <4294967294, 4294967294> }
	f = { <1, 1> }
	g = { <inf, inf> }
	h = { <-inf, -inf> }
	i = { <nan, nan> }
	inf = { <inf, inf> }
	j = { <inf, inf> }
	k = { <-inf, -inf> }
	l = { <inf, inf> }
	m = { <nan, nan> }
	n = { <-inf, -inf> }
	nan = { <nan, nan> }
	o = { <nan, nan> }
	p = { <nan, nan> }
	q = { <nan, nan> }
	r = { <nan, nan> }
	s = { <inf, inf> }
	t = { <-inf, -inf> }
	u = { <nan, nan> }
Block L2[OUT]:
	a = { <20, 20> }
	b = { <200, 200> }
	c = { <4000, 4000> }
	d = { <-2, -2> }
	e = { <4294967294, 4294967294> }
	f = { <1, 1> }
	g = { <inf, inf> }
	h = { <-inf, -inf> }
	i = { <nan, nan> }
	inf = { <inf, inf> }
	j = { <inf, inf> }
	k = { <-inf, -inf> }
	l = { <inf, inf> }
	m = { <nan, nan> }
	n = { <-inf, -inf> }
	nan = { <nan, nan> }
	o = { <nan, nan> }
	p = { <nan, nan> }
	q = { <nan, nan> }
	r = { <nan, nan> }
	s = { <inf, inf> }
	t = { <-inf, -inf> }
	u = { <nan, nan> }
