---------- Function main() ----------
Block L1[IN] at lines from 12 to 16:
Block L1[OUT]:
	array[] = { (0, 9) }
	i = { (1, 1) }
	min = { (0, 9) }
Block L2[IN] at lines from 16 to 16:
	array[] = { (0, 9) }
	i = { (1, 10) }
	min = { (0, 9) }
Block L2[OUT]:
	array[] = { (0, 9) }
	i = { (1, 10) }
	min = { (0, 9) }
Block L3[IN] at lines from 17 to 17:
	array[] = { (0, 9) }
	i = { (1, 9) }
	min = { (0, 9) }
Block L3[OUT]:
	array[] = { (0, 9) }
	i = { (1, 9) }
	min = { (0, 9) }
Block L4[IN] at lines from 18 to 18:
	array[] = { (0, 9) }
	i = { (1, 9) }
	min = { (1, 9) }
Block L4[OUT]:
	array[] = { (0, 9) }
	i = { (1, 9) }
	min = { (0, 9) }
Block L5[IN] at lines from 16 to 16:
	array[] = { (0, 9) }
	i = { (1, 9) }
	min = { (0, 9) }
Block L5[OUT]:
	array[] = { (0, 9) }
	i = { (2, 10) }
	min = { (0, 9) }
Block L6[IN] at lines from 22 to 22:
	array[] = { (0, 9) }
	i = { (1, 10) }
	min = { (0, 9) }
Block L6[OUT]:
	array[] = { (0, 9) }
	i = { (1, 10) }
	min = { (0, 9) }
Block L7[IN] at lines from 22 to 23:
	array[] = { (0, 9) }
	i = { (1, 10) }
	min = { (0, 9) }
Block L7[OUT]:
	array[] = { (0, 9) }
	i = { (1, 10) }
	min = { (0, 9) }
