---------- Function main() ----------
Block L1[IN] at lines from 12 to 74:
Block L1[OUT]:
	a = { (9, 9) }
	b = { (10, 10) }
	c = { (19, 19) }
	d = { (-2147483648, -2147483648) }
	e = { (0, 0) }
	f = { (254, 254) }
	g = { (inf, inf) }
	h = { (-nan, -nan) }
	i = { (nan, nan) }
	inf = { (inf, inf) }
	j = { (inf, inf) }
	k = { (-nan, -nan) }
	l = { (-inf, -inf) }
	m = { (nan, nan) }
	n = { (-inf, -inf) }
	nan = { (nan, nan) }
	o = { (nan, nan) }
	p = { (nan, nan) }
	q = { (nan, nan) }
	r = { (nan, nan) }
	s = { (inf, inf) }
	t = { (-inf, -inf) }
	u = { (nan, nan) }
Block L2[IN] at lines from 74 to 75:
	a = { (9, 9) }
	b = { (10, 10) }
	c = { (19, 19) }
	d = { (-2147483648, -2147483648) }
	e = { (0, 0) }
	f = { (254, 254) }
	g = { (inf, inf) }
	h = { (-nan, -nan) }
	i = { (nan, nan) }
	inf = { (inf, inf) }
	j = { (inf, inf) }
	k = { (-nan, -nan) }
	l = { (-inf, -inf) }
	m = { (nan, nan) }
	n = { (-inf, -inf) }
	nan = { (nan, nan) }
	o = { (nan, nan) }
	p = { (nan, nan) }
	q = { (nan, nan) }
	r = { (nan, nan) }
	s = { (inf, inf) }
	t = { (-inf, -inf) }
	u = { (nan, nan) }
Block L2[OUT]:
	a = { (9, 9) }
	b = { (10, 10) }
	c = { (19, 19) }
	d = { (-2147483648, -2147483648) }
	e = { (0, 0) }
	f = { (254, 254) }
	g = { (inf, inf) }
	h = { (-nan, -nan) }
	i = { (nan, nan) }
	inf = { (inf, inf) }
	j = { (inf, inf) }
	k = { (-nan, -nan) }
	l = { (-inf, -inf) }
	m = { (nan, nan) }
	n = { (-inf, -inf) }
	nan = { (nan, nan) }
	o = { (nan, nan) }
	p = { (nan, nan) }
	q = { (nan, nan) }
	r = { (nan, nan) }
	s = { (inf, inf) }
	t = { (-inf, -inf) }
	u = { (nan, nan) }
