---------- Function main() ----------
Block L1[IN] at lines from 10 to 14:
Block L1[OUT]:
	x = { <12, 12> }
	y = { <0, 0> }
Block L2[IN] at lines from 14 to 14:
	x = { <12, 12> }
	y = { <0, 0> }
Block L2[OUT]:
	x = { <12, 12> }
	y = { <0, 0> }
Block L3[IN] at lines from 14 to 14:
	x = { <12, 12> }
	y = { <0, 0> }
Block L3[OUT]:
	x = { <12, 12> }
	y = { <0, 0> }
Block L4[IN] at lines from 14 to 14:
	x = { <12, 12> }
	y = { <0, 0> }
Block L4[OUT]:
	x = { <12, 12> }
	y = { <0, 0> }
Block L5[IN] at lines from 14 to 15:
	x = { <12, 12> }
	y = { <0, 0> }
Block L5[OUT]:
	a = { <0, 1> }
	x = { <12, 12> }
	y = { <0, 0> }
Block L6[IN] at lines from 15 to 15:
	a = { <0, 1> }
	x = { <12, 12> }
	y = { <0, 0> }
Block L6[OUT]:
	a = { <0, 1> }
	x = { <12, 12> }
	y = { <0, 0> }
Block L7[IN] at lines from 15 to 15:
	a = { <0, 1> }
	x = { <12, 12> }
	y = { <0, 0> }
Block L7[OUT]:
	a = { <0, 1> }
	x = { <12, 12> }
	y = { <0, 0> }
Block L8[IN] at lines from 15 to 15:
	a = { <0, 1> }
	x = { <12, 12> }
	y = { <0, 0> }
Block L8[OUT]:
	a = { <0, 1> }
	x = { <12, 12> }
	y = { <0, 0> }
Block L9[IN] at lines from 15 to 16:
	a = { <0, 1> }
	x = { <12, 12> }
	y = { <0, 0> }
Block L9[OUT]:
	a = { <0, 1> }
	b = { <0, 1> }
	x = { <12, 12> }
	y = { <0, 0> }
Block L10[IN] at lines from 16 to 16:
	a = { <0, 1> }
	b = { <0, 1> }
	x = { <12, 12> }
	y = { <0, 0> }
Block L10[OUT]:
	a = { <0, 1> }
	b = { <0, 1> }
	x = { <12, 12> }
	y = { <0, 0> }
Block L11[IN] at lines from 16 to 16:
	a = { <0, 1> }
	b = { <0, 1> }
	x = { <12, 12> }
	y = { <0, 0> }
Block L11[OUT]:
	a = { <0, 1> }
	b = { <0, 1> }
	x = { <12, 12> }
	y = { <0, 0> }
Block L12[IN] at lines from 16 to 16:
	a = { <0, 1> }
	b = { <0, 1> }
	x = { <12, 12> }
	y = { <0, 0> }
Block L12[OUT]:
	a = { <0, 1> }
	b = { <0, 1> }
	x = { <12, 12> }
	y = { <0, 0> }
Block L13[IN] at lines from 16 to 17:
	a = { <0, 1> }
	b = { <0, 1> }
	x = { <12, 12> }
	y = { <0, 0> }
Block L13[OUT]:
	a = { <0, 1> }
	b = { <0, 1> }
	c = { <0, 1> }
	x = { <12, 12> }
	y = { <0, 0> }
Block L14[IN] at lines from 17 to 17:
	a = { <0, 1> }
	b = { <0, 1> }
	c = { <0, 1> }
	x = { <12, 12> }
	y = { <0, 0> }
Block L14[OUT]:
	a = { <0, 1> }
	b = { <0, 1> }
	c = { <0, 1> }
	x = { <12, 12> }
	y = { <0, 0> }
Block L15[IN] at lines from 17 to 17:
	a = { <0, 1> }
	b = { <0, 1> }
	c = { <0, 1> }
	x = { <12, 12> }
	y = { <0, 0> }
Block L15[OUT]:
	a = { <0, 1> }
	b = { <0, 1> }
	c = { <0, 1> }
	x = { <12, 12> }
	y = { <0, 0> }
Block L16[IN] at lines from 17 to 17:
	a = { <0, 1> }
	b = { <0, 1> }
	c = { <0, 1> }
	x = { <12, 12> }
	y = { <0, 0> }
Block L16[OUT]:
	a = { <0, 1> }
	b = { <0, 1> }
	c = { <0, 1> }
	x = { <12, 12> }
	y = { <0, 0> }
Block L17[IN] at lines from 17 to 20:
	a = { <0, 1> }
	b = { <0, 1> }
	c = { <0, 1> }
	x = { <12, 12> }
	y = { <0, 0> }
Block L17[OUT]:
	a = { <0, 1> }
	b = { <0, 1> }
	c = { <0, 1> }
	d = { <0, 1> }
	x = { <12, 12> }
	y = { <0, 0> }
Block L18[IN] at lines from 20 to 20:
	a = { <0, 1> }
	b = { <0, 1> }
	c = { <0, 1> }
	d = { <0, 1> }
	x = { <12, 12> }
	y = { <0, 0> }
Block L18[OUT]:
	a = { <0, 1> }
	b = { <0, 1> }
	c = { <0, 1> }
	d = { <0, 1> }
	x = { <12, 12> }
	y = { <0, 0> }
Block L19[IN] at lines from 20 to 20:
	a = { <0, 1> }
	b = { <0, 1> }
	c = { <0, 1> }
	d = { <0, 1> }
	x = { <12, 12> }
	y = { <0, 0> }
Block L19[OUT]:
	a = { <0, 1> }
	b = { <0, 1> }
	c = { <0, 1> }
	d = { <0, 1> }
	x = { <12, 12> }
	y = { <0, 0> }
Block L20[IN] at lines from 20 to 20:
	a = { <0, 1> }
	b = { <0, 1> }
	c = { <0, 1> }
	d = { <0, 1> }
	x = { <12, 12> }
	y = { <0, 0> }
Block L20[OUT]:
	a = { <0, 1> }
	b = { <0, 1> }
	c = { <0, 1> }
	d = { <0, 1> }
	x = { <12, 12> }
	y = { <0, 0> }
Block L21[IN] at lines from 20 to 21:
	a = { <0, 1> }
	b = { <0, 1> }
	c = { <0, 1> }
	d = { <0, 1> }
	x = { <12, 12> }
	y = { <0, 0> }
Block L21[OUT]:
	a = { <0, 1> }
	b = { <0, 1> }
	c = { <0, 1> }
	d = { <0, 1> }
	e = { <0, 1> }
	x = { <12, 12> }
	y = { <0, 0> }
Block L22[IN] at lines from 21 to 21:
	a = { <0, 1> }
	b = { <0, 1> }
	c = { <0, 1> }
	d = { <0, 1> }
	e = { <0, 1> }
	x = { <12, 12> }
	y = { <0, 0> }
Block L22[OUT]:
	a = { <0, 1> }
	b = { <0, 1> }
	c = { <0, 1> }
	d = { <0, 1> }
	e = { <0, 1> }
	x = { <12, 12> }
	y = { <0, 0> }
Block L23[IN] at lines from 21 to 21:
	a = { <0, 1> }
	b = { <0, 1> }
	c = { <0, 1> }
	d = { <0, 1> }
	e = { <0, 1> }
	x = { <12, 12> }
	y = { <0, 0> }
Block L23[OUT]:
	a = { <0, 1> }
	b = { <0, 1> }
	c = { <0, 1> }
	d = { <0, 1> }
	e = { <0, 1> }
	x = { <12, 12> }
	y = { <0, 0> }
Block L24[IN] at lines from 21 to 21:
	a = { <0, 1> }
	b = { <0, 1> }
	c = { <0, 1> }
	d = { <0, 1> }
	e = { <0, 1> }
	x = { <12, 12> }
	y = { <0, 0> }
Block L24[OUT]:
	a = { <0, 1> }
	b = { <0, 1> }
	c = { <0, 1> }
	d = { <0, 1> }
	e = { <0, 1> }
	x = { <12, 12> }
	y = { <0, 0> }
Block L25[IN] at lines from 21 to 22:
	a = { <0, 1> }
	b = { <0, 1> }
	c = { <0, 1> }
	d = { <0, 1> }
	e = { <0, 1> }
	x = { <12, 12> }
	y = { <0, 0> }
Block L25[OUT]:
	a = { <0, 1> }
	b = { <0, 1> }
	c = { <0, 1> }
	d = { <0, 1> }
	e = { <0, 1> }
	f = { <0, 1> }
	x = { <12, 12> }
	y = { <0, 0> }
Block L26[IN] at lines from 22 to 22:
	a = { <0, 1> }
	b = { <0, 1> }
	c = { <0, 1> }
	d = { <0, 1> }
	e = { <0, 1> }
	f = { <0, 1> }
	x = { <12, 12> }
	y = { <0, 0> }
Block L26[OUT]:
	a = { <0, 1> }
	b = { <0, 1> }
	c = { <0, 1> }
	d = { <0, 1> }
	e = { <0, 1> }
	f = { <0, 1> }
	x = { <12, 12> }
	y = { <0, 0> }
Block L27[IN] at lines from 22 to 22:
	a = { <0, 1> }
	b = { <0, 1> }
	c = { <0, 1> }
	d = { <0, 1> }
	e = { <0, 1> }
	f = { <0, 1> }
	x = { <12, 12> }
	y = { <0, 0> }
Block L27[OUT]:
	a = { <0, 1> }
	b = { <0, 1> }
	c = { <0, 1> }
	d = { <0, 1> }
	e = { <0, 1> }
	f = { <0, 1> }
	x = { <12, 12> }
	y = { <0, 0> }
Block L28[IN] at lines from 22 to 22:
	a = { <0, 1> }
	b = { <0, 1> }
	c = { <0, 1> }
	d = { <0, 1> }
	e = { <0, 1> }
	f = { <0, 1> }
	x = { <12, 12> }
	y = { <0, 0> }
Block L28[OUT]:
	a = { <0, 1> }
	b = { <0, 1> }
	c = { <0, 1> }
	d = { <0, 1> }
	e = { <0, 1> }
	f = { <0, 1> }
	x = { <12, 12> }
	y = { <0, 0> }
Block L29[IN] at lines from 22 to 23:
	a = { <0, 1> }
	b = { <0, 1> }
	c = { <0, 1> }
	d = { <0, 1> }
	e = { <0, 1> }
	f = { <0, 1> }
	x = { <12, 12> }
	y = { <0, 0> }
Block L29[OUT]:
	a = { <0, 1> }
	b = { <0, 1> }
	c = { <0, 1> }
	d = { <0, 1> }
	e = { <0, 1> }
	f = { <0, 1> }
	g = { <0, 1> }
	x = { <12, 12> }
	y = { <0, 0> }
Block L30[IN] at lines from 23 to 23:
	a = { <0, 1> }
	b = { <0, 1> }
	c = { <0, 1> }
	d = { <0, 1> }
	e = { <0, 1> }
	f = { <0, 1> }
	g = { <0, 1> }
	x = { <12, 12> }
	y = { <0, 0> }
Block L30[OUT]:
	a = { <0, 1> }
	b = { <0, 1> }
	c = { <0, 1> }
	d = { <0, 1> }
	e = { <0, 1> }
	f = { <0, 1> }
	g = { <0, 1> }
	x = { <12, 12> }
	y = { <0, 0> }
Block L31[IN] at lines from 23 to 23:
	a = { <0, 1> }
	b = { <0, 1> }
	c = { <0, 1> }
	d = { <0, 1> }
	e = { <0, 1> }
	f = { <0, 1> }
	g = { <0, 1> }
	x = { <12, 12> }
	y = { <0, 0> }
Block L31[OUT]:
	a = { <0, 1> }
	b = { <0, 1> }
	c = { <0, 1> }
	d = { <0, 1> }
	e = { <0, 1> }
	f = { <0, 1> }
	g = { <0, 1> }
	x = { <12, 12> }
	y = { <0, 0> }
Block L32[IN] at lines from 23 to 23:
	a = { <0, 1> }
	b = { <0, 1> }
	c = { <0, 1> }
	d = { <0, 1> }
	e = { <0, 1> }
	f = { <0, 1> }
	g = { <0, 1> }
	x = { <12, 12> }
	y = { <0, 0> }
Block L32[OUT]:
	a = { <0, 1> }
	b = { <0, 1> }
	c = { <0, 1> }
	d = { <0, 1> }
	e = { <0, 1> }
	f = { <0, 1> }
	g = { <0, 1> }
	x = { <12, 12> }
	y = { <0, 0> }
Block L33[IN] at lines from 23 to 29:
	a = { <0, 1> }
	b = { <0, 1> }
	c = { <0, 1> }
	d = { <0, 1> }
	e = { <0, 1> }
	f = { <0, 1> }
	g = { <0, 1> }
	x = { <12, 12> }
	y = { <0, 0> }
Block L33[OUT]:
	a = { <0, 1> }
	b = { <0, 1> }
	c = { <0, 1> }
	d = { <0, 1> }
	e = { <0, 1> }
	f = { <0, 1> }
	g = { <0, 1> }
	h = { <0, 1> }
	i = { <0, 0> }
	j = { <1, 1> }
	x = { <12, 12> }
	y = { <0, 0> }
Block L34[IN] at lines from 29 to 30:
	a = { <0, 1> }
	b = { <0, 1> }
	c = { <0, 1> }
	d = { <0, 1> }
	e = { <0, 1> }
	f = { <0, 1> }
	g = { <0, 1> }
	h = { <0, 1> }
	i = { <0, 0> }
	j = { <1, 1> }
	x = { <12, 12> }
	y = { <0, 0> }
Block L34[OUT]:
	a = { <0, 1> }
	b = { <0, 1> }
	c = { <0, 1> }
	d = { <0, 1> }
	e = { <0, 1> }
	f = { <0, 1> }
	g = { <0, 1> }
	h = { <0, 1> }
	i = { <0, 0> }
	j = { <1, 1> }
	x = { <12, 12> }
	y = { <0, 0> }
