---------- Function main() ----------
Block L1[IN] at lines from 12 to 18:
Block L1[OUT]:
	c[].i = { <0, 0> }
	d[] = { <1, 1> }
	e[] = { <1, 1> }
	f = { <1, 1> }
Block L2[IN] at lines from 18 to 19:
	c[].i = { <0, 0> }
	d[] = { <1, 1> }
	e[] = { <1, 1> }
	f = { <1, 1> }
Block L2[OUT]:
	c[].i = { <0, 0> }
	d[] = { <1, 1> }
	e[] = { <1, 1> }
	f = { <1, 1> }
