---------- Function main() ----------
Block L1[IN] at lines from 9 to 21:
Block L1[OUT]:
	a = { <-1, -1> }
	b = { <2, 2> }
	c = { <-3, -3> }
	d = { <4, 4> }
	e = { <-5, -5> }
	f = { <6, 6> }
	g = { <-7, -7> }
	h = { <8, 8> }
	i = { <-9.15, -9.15> }
	j = { <1.35, 1.35> }
	k = { <4896.7, 4896.7> }
Block L2[IN] at lines from 21 to 22:
	a = { <-1, -1> }
	b = { <2, 2> }
	c = { <-3, -3> }
	d = { <4, 4> }
	e = { <-5, -5> }
	f = { <6, 6> }
	g = { <-7, -7> }
	h = { <8, 8> }
	i = { <-9.15, -9.15> }
	j = { <1.35, 1.35> }
	k = { <4896.7, 4896.7> }
Block L2[OUT]:
	a = { <-1, -1> }
	b = { <2, 2> }
	c = { <-3, -3> }
	d = { <4, 4> }
	e = { <-5, -5> }
	f = { <6, 6> }
	g = { <-7, -7> }
	h = { <8, 8> }
	i = { <-9.15, -9.15> }
	j = { <1.35, 1.35> }
	k = { <4896.7, 4896.7> }
