---------- Function main() ----------
Block L1[IN] at lines from 13 to 15:
Block L1[OUT]:
	array[].a = { <1, 2> }
	array[].b = { <1.35, 1.35>, <2.35, 2.35> }
Block L2[IN] at lines from 15 to 16:
	array[].a = { <1, 2> }
	array[].b = { <1.35, 1.35>, <2.35, 2.35> }
Block L2[OUT]:
	array[].a = { <1, 2> }
	array[].b = { <1.35, 1.35>, <2.35, 2.35> }
