---------- Function main() ----------
Block L1[IN] at lines from 9 to 9:
Block L1[OUT]:
	i = { (0, 0) }
Block L2[IN] at lines from 11 to 11:
	buffer[] = { (0, 9) }
	i = { (0, 10) }
Block L2[OUT]:
	buffer[] = { (0, 9) }
	i = { (0, 10) }
Block L3[IN] at lines from 12 to 13:
	buffer[] = { (0, 8) }
	i = { (0, 9) }
Block L3[OUT]:
	buffer[] = { (0, 9) }
	i = { (1, 10) }
Block L4[IN] at lines from 16 to 16:
	buffer[] = { (0, 9) }
	i = { (0, 10) }
Block L4[OUT]:
	buffer[] = { (0, 9) }
	i = { (0, 10) }
Block L5[IN] at lines from 16 to 17:
	buffer[] = { (0, 9) }
	i = { (0, 10) }
Block L5[OUT]:
	buffer[] = { (0, 9) }
	i = { (0, 10) }
