---------- Function main() ----------
Block L1[IN] at lines from 15 to 17:
Block L1[OUT]:
	x.a = { <-2147483648, 2147483647> }
	x.b = { <nan, nan>, <-inf, inf> }
	x.c = { <nan, nan>, <-inf, inf> }
	y.a = { <-2147483648, 2147483647> }
	y.b = { <nan, nan>, <-inf, inf> }
	y.c = { <nan, nan>, <-inf, inf> }
Block L2[IN] at lines from 17 to 18:
	x.a = { <-2147483648, 2147483647> }
	x.b = { <nan, nan>, <-inf, inf> }
	x.c = { <nan, nan>, <-inf, inf> }
	y.a = { <-2147483648, 2147483647> }
	y.b = { <nan, nan>, <-inf, inf> }
	y.c = { <nan, nan>, <-inf, inf> }
Block L2[OUT]:
	x.a = { <-2147483648, 2147483647> }
	x.b = { <nan, nan>, <-inf, inf> }
	x.c = { <nan, nan>, <-inf, inf> }
	y.a = { <-2147483648, 2147483647> }
	y.b = { <nan, nan>, <-inf, inf> }
	y.c = { <nan, nan>, <-inf, inf> }
