---------- Function main() ----------
Block L1[IN] at lines from 10 to 12:
Block L1[OUT]:
	array[] = { <1, 10> }
	i = { <0, 0> }
	sum = { <0, 0> }
Block L2[IN] at lines from 14 to 14:
	array[] = { <1, 10> }
	i = { <0, 10> }
	sum = { <0, 100> }
Block L2[OUT]:
	array[] = { <1, 10> }
	i = { <0, 10> }
	sum = { <0, 100> }
Block L3[IN] at lines from 15 to 16:
	array[] = { <1, 10> }
	i = { <0, 9> }
	sum = { <0, 90> }
Block L3[OUT]:
	array[] = { <1, 10> }
	i = { <1, 10> }
	sum = { <1, 100> }
Block L4[IN] at lines from 19 to 19:
	array[] = { <1, 10> }
	i = { <0, 10> }
	sum = { <0, 100> }
Block L4[OUT]:
	array[] = { <1, 10> }
	i = { <0, 10> }
	sum = { <0, 100> }
Block L5[IN] at lines from 19 to 20:
	array[] = { <1, 10> }
	i = { <0, 10> }
	sum = { <0, 100> }
Block L5[OUT]:
	array[] = { <1, 10> }
	i = { <0, 10> }
	sum = { <0, 100> }
