---------- Function main() ----------
Block L1[IN] at lines from 11 to 34:
Block L1[OUT]:
	a = { (0, 255) }
	b = { (-2147483648, -2147483648) }
	c = { (-10, -10) }
	d = { (3, 3) }
	e = { (-3, -3) }
	f = { (10, 10) }
	g = { (3, 3) }
	h = { (3, 3) }
	i = { (10, 10) }
	j = { (-3, -3) }
	k = { (-3, -3) }
	l = { (-10, -10) }
	m = { (2, 2) }
	n = { (-5, -5) }
	o = { (10, 10) }
	p = { (2, 2) }
	r = { (5, 5) }
	s = { (10, 10) }
	t = { (-2, -2) }
	u = { (-5, -5) }
Block L2[IN] at lines from 34 to 35:
	a = { (0, 255) }
	b = { (-2147483648, -2147483648) }
	c = { (-10, -10) }
	d = { (3, 3) }
	e = { (-3, -3) }
	f = { (10, 10) }
	g = { (3, 3) }
	h = { (3, 3) }
	i = { (10, 10) }
	j = { (-3, -3) }
	k = { (-3, -3) }
	l = { (-10, -10) }
	m = { (2, 2) }
	n = { (-5, -5) }
	o = { (10, 10) }
	p = { (2, 2) }
	r = { (5, 5) }
	s = { (10, 10) }
	t = { (-2, -2) }
	u = { (-5, -5) }
Block L2[OUT]:
	a = { (0, 255) }
	b = { (-2147483648, -2147483648) }
	c = { (-10, -10) }
	d = { (3, 3) }
	e = { (-3, -3) }
	f = { (10, 10) }
	g = { (3, 3) }
	h = { (3, 3) }
	i = { (10, 10) }
	j = { (-3, -3) }
	k = { (-3, -3) }
	l = { (-10, -10) }
	m = { (2, 2) }
	n = { (-5, -5) }
	o = { (10, 10) }
	p = { (2, 2) }
	r = { (5, 5) }
	s = { (10, 10) }
	t = { (-2, -2) }
	u = { (-5, -5) }
