---------- Function main() ----------
Block L1[IN] at lines from 13 to 14:
Block L1[OUT]:
	current = { (1, 1) }
	i = { (0, 0) }
	next = { (1, 1) }
Block L2[IN] at lines from 14 to 14:
	current = { (1, 89) }
	i = { (0, 10) }
	next = { (1, 144) }
	twoaway = { (2, 144) }
Block L2[OUT]:
	current = { (1, 89) }
	i = { (0, 10) }
	next = { (1, 144) }
	twoaway = { (2, 144) }
Block L3[IN] at lines from 14 to 15:
	current = { (1, 55) }
	i = { (0, 9) }
	next = { (1, 89) }
	twoaway = { (2, 89) }
Block L3[OUT]:
	current = { (1, 89) }
	i = { (1, 10) }
	next = { (2, 144) }
	twoaway = { (2, 144) }
Block L4[IN] at lines from 20 to 20:
	current = { (1, 89) }
	i = { (0, 10) }
	next = { (1, 144) }
	twoaway = { (2, 144) }
Block L4[OUT]:
	current = { (1, 89) }
	i = { (0, 10) }
	next = { (1, 144) }
	twoaway = { (2, 144) }
Block L5[IN] at lines from 20 to 21:
	current = { (1, 89) }
	i = { (0, 10) }
	next = { (1, 144) }
	twoaway = { (2, 144) }
Block L5[OUT]:
	current = { (1, 89) }
	i = { (0, 10) }
	next = { (1, 144) }
	twoaway = { (2, 144) }
