---------- Function main() ----------
Block L1[IN] at lines from 8 to 8:
Block L1[OUT]:
	i = { (1, 1) }
Block L2[IN] at lines from 10 to 10:
	i = { (1, 9223372036854775807) }
Block L2[OUT]:
	i = { (-1, 9223372036854775807) }
Block L3[IN] at lines from 11 to 11:
	i = { (1, 9034220852505214974) }
Block L3[OUT]:
	i = { (1, 9223372036854775807) }
Block L4[IN] at lines from 14 to 14:
	i = { (0, 1000) }
Block L4[OUT]:
	i = { (-1, 2000) }
Block L5[IN] at lines from 14 to 15:
	i = { (-1, 2000) }
Block L5[OUT]:
	i = { (-2, 4000) }
