---------- Function main() ----------
Block L1[IN] at lines from 11 to 12:
Block L1[OUT]:
	fact[] = { <1, 1> }
	i = { <1, 1> }
Block L2[IN] at lines from 12 to 12:
	fact[] = { <1, 120> }
	i = { <1, 6> }
Block L2[OUT]:
	fact[] = { <1, 120> }
	i = { <1, 6> }
Block L3[IN] at lines from 12 to 13:
	fact[] = { <1, 24> }
	i = { <1, 5> }
Block L3[OUT]:
	fact[] = { <1, 120> }
	i = { <2, 6> }
Block L4[IN] at lines from 16 to 16:
	fact[] = { <1, 120> }
	i = { <1, 6> }
Block L4[OUT]:
	fact[] = { <1, 120> }
	i = { <1, 6> }
Block L5[IN] at lines from 16 to 17:
	fact[] = { <1, 120> }
	i = { <1, 6> }
Block L5[OUT]:
	fact[] = { <1, 120> }
	i = { <1, 6> }
