---------- Function main() ----------
Block L1[IN] at lines from 13 to 23:
Block L1[OUT]:
	q.x[][].a = { (1, 1) }
	q.x[][].b = { (2, 2) }
	var.a = { (1, 1) }
	var.b = { (2, 2) }
	x[][].a = { (1, 1) }
	x[][].b = { (2, 2) }
Block L2[IN] at lines from 23 to 24:
	q.x[][].a = { (1, 1) }
	q.x[][].b = { (2, 2) }
	var.a = { (1, 1) }
	var.b = { (2, 2) }
	x[][].a = { (1, 1) }
	x[][].b = { (2, 2) }
Block L2[OUT]:
	q.x[][].a = { (1, 1) }
	q.x[][].b = { (2, 2) }
	var.a = { (1, 1) }
	var.b = { (2, 2) }
	x[][].a = { (1, 1) }
	x[][].b = { (2, 2) }
