---------- Function main() ----------
Block L1[IN] at lines from 12 to 18:
Block L1[OUT]:
	i = { (0, 0) }
	str[] = { (97, 106) }
Block L2[IN] at lines from 18 to 18:
	i = { (0, 10) }
	strNew[] = { (65, 74) }
	str[] = { (97, 106) }
Block L2[OUT]:
	i = { (0, 10) }
	strNew[] = { (65, 74) }
	str[] = { (97, 106) }
Block L3[IN] at lines from 19 to 19:
	i = { (0, 9) }
	strNew[] = { (65, 74) }
	str[] = { (97, 106) }
Block L3[OUT]:
	i = { (0, 9) }
	strNew[] = { (65, 74) }
	str[] = { (97, 106) }
Block L4[IN] at lines from 19 to 19:
	i = { (0, 9) }
	strNew[] = { (65, 74) }
	str[] = { (97, 106) }
Block L4[OUT]:
	i = { (0, 9) }
	strNew[] = { (65, 74) }
	str[] = { (97, 106) }
Block L5[IN] at lines from 18 to 18:
	i = { (0, 9) }
	strNew[] = { (65, 74) }
	str[] = { (97, 106) }
Block L5[OUT]:
	i = { (1, 10) }
	strNew[] = { (65, 74) }
	str[] = { (97, 106) }
Block L6[IN] at lines from 20 to 20:
	i = { (0, 9) }
	strNew[] = { (65, 74) }
	str[] = { (97, 106) }
Block L6[OUT]:
	i = { (0, 9) }
	strNew[] = { (65, 74) }
	str[] = { (97, 106) }
Block L7[IN] at lines from 24 to 26:
	i = { (0, 10) }
	strNew[] = { (65, 74) }
	str[] = { (97, 106) }
Block L7[OUT]:
	i = { (0, 10) }
	strNew[] = { (65, 74) }
	str[] = { (97, 106) }
Block L8[IN] at lines from 26 to 27:
	i = { (0, 10) }
	strNew[] = { (65, 74) }
	str[] = { (97, 106) }
Block L8[OUT]:
	i = { (0, 10) }
	strNew[] = { (65, 74) }
	str[] = { (97, 106) }
