---------- Function main() ----------
Block L1[IN] at lines from 15 to 27:
Block L1[OUT]:
	array[].a = { (1, 2) }
	array[].b[][] = { (3.5, 3.8), (4.5, 4.6), (18.9, 18.95) }
Block L2[IN] at lines from 27 to 28:
	array[].a = { (1, 2) }
	array[].b[][] = { (3.5, 3.8), (4.5, 4.6), (18.9, 18.95) }
Block L2[OUT]:
	array[].a = { (1, 2) }
	array[].b[][] = { (3.5, 3.8), (4.5, 4.6), (18.9, 18.95) }
