---------- Function main() ----------
Block L1[IN] at lines from 24 to 35:
Block L1[OUT]:
	x.a = { (1, 1) }
	x.b = { (1.3, 1.3) }
	x.c = { (12, 12) }
	x.d.e = { (100, 100) }
	x.d.f = { (1.45, 1.45) }
	x.d.g = { (45.85, 45.85) }
	x.d.h.i = { (148963, 148963) }
	x.d.j = { (1578, 1578) }
	y.a = { (1, 1) }
	y.b = { (1.3, 1.3) }
	y.c = { (12, 12) }
	y.d.e = { (100, 100) }
	y.d.f = { (1.45, 1.45) }
	y.d.g = { (45.85, 45.85) }
	y.d.h.i = { (148963, 148963) }
	y.d.j = { (1578, 1578) }
Block L2[IN] at lines from 35 to 36:
	x.a = { (1, 1) }
	x.b = { (1.3, 1.3) }
	x.c = { (12, 12) }
	x.d.e = { (100, 100) }
	x.d.f = { (1.45, 1.45) }
	x.d.g = { (45.85, 45.85) }
	x.d.h.i = { (148963, 148963) }
	x.d.j = { (1578, 1578) }
	y.a = { (1, 1) }
	y.b = { (1.3, 1.3) }
	y.c = { (12, 12) }
	y.d.e = { (100, 100) }
	y.d.f = { (1.45, 1.45) }
	y.d.g = { (45.85, 45.85) }
	y.d.h.i = { (148963, 148963) }
	y.d.j = { (1578, 1578) }
Block L2[OUT]:
	x.a = { (1, 1) }
	x.b = { (1.3, 1.3) }
	x.c = { (12, 12) }
	x.d.e = { (100, 100) }
	x.d.f = { (1.45, 1.45) }
	x.d.g = { (45.85, 45.85) }
	x.d.h.i = { (148963, 148963) }
	x.d.j = { (1578, 1578) }
	y.a = { (1, 1) }
	y.b = { (1.3, 1.3) }
	y.c = { (12, 12) }
	y.d.e = { (100, 100) }
	y.d.f = { (1.45, 1.45) }
	y.d.g = { (45.85, 45.85) }
	y.d.h.i = { (148963, 148963) }
	y.d.j = { (1578, 1578) }
