---------- Function main() ----------
Block L1[IN] at lines from 18 to 18:
Block L1[OUT]:
	fahr = { <0, 0> }
Block L2[IN] at lines from 19 to 19:
	celsius = { <-17, 148> }
	fahr = { <0, 320> }
Block L2[OUT]:
	celsius = { <-17, 148> }
	fahr = { <0, 320> }
Block L3[IN] at lines from 20 to 22:
	celsius = { <-17, -17>, <-6, -6>, <4, 4>, <15, 15>, <26, 26>, <37, 37>, <48, 48>, <60, 60>, <71, 71>, <82, 82>, <93, 93>, <104, 104>, <115, 115>, <126, 126>, <137, 137> }
	fahr = { <0, 300> }
Block L3[OUT]:
	celsius = { <-17, -17>, <0, 0>, <148, 148> }
	fahr = { <20, 320> }
Block L4[IN] at lines from 25 to 25:
	celsius = { <-17, 148> }
	fahr = { <0, 320> }
Block L4[OUT]:
	celsius = { <-17, 148> }
	fahr = { <0, 320> }
Block L5[IN] at lines from 25 to 26:
	celsius = { <-17, 148> }
	fahr = { <0, 320> }
Block L5[OUT]:
	celsius = { <-17, 148> }
	fahr = { <0, 320> }
