---------- Function main() ----------
Block L1[IN] at lines from 15 to 18:
Block L1[OUT]:
	a = { <-2147483648, 2147483647> }
	array[].a = { <-2147483648, 2147483647> }
	array[].b[] = { <nan, nan>, <-inf, inf> }
	b = { <nan, nan>, <-inf, inf> }
Block L2[IN] at lines from 18 to 19:
	a = { <-2147483648, 2147483647> }
	array[].a = { <-2147483648, 2147483647> }
	array[].b[] = { <nan, nan>, <-inf, inf> }
	b = { <nan, nan>, <-inf, inf> }
Block L2[OUT]:
	a = { <-2147483648, 2147483647> }
	array[].a = { <-2147483648, 2147483647> }
	array[].b[] = { <nan, nan>, <-inf, inf> }
	b = { <nan, nan>, <-inf, inf> }
