---------- Function main() ----------
Block L1[IN] at lines from 15 to 20:
Block L1[OUT]:
	array[].a = { <1, 2> }
	array[].b = { <3.5, 3.5>, <5.5, 5.5> }
Block L2[IN] at lines from 20 to 21:
	array[].a = { <1, 2> }
	array[].b = { <3.5, 3.5>, <5.5, 5.5> }
Block L2[OUT]:
	array[].a = { <1, 2> }
	array[].b = { <3.5, 3.5>, <5.5, 5.5> }
